2025-04-08T19:27:04.591+03:00  INFO 25684 --- [elm-notification-service] [main] c.e.ElmNotificationServiceApplication    : Starting ElmNotificationServiceApplication using Java 21.0.5 with PID 25684 (C:\Work\Java\elm-notification-service\target\classes started by reuve in C:\Work\Java\elm-notification-service)
2025-04-08T19:27:04.593+03:00 DEBUG 25684 --- [elm-notification-service] [main] c.e.ElmNotificationServiceApplication    : Running with Spring Boot v3.4.1, Spring v6.2.1
2025-04-08T19:27:04.593+03:00  INFO 25684 --- [elm-notification-service] [main] c.e.ElmNotificationServiceApplication    : No active profile set, falling back to 1 default profile: "default"
2025-04-08T19:27:05.071+03:00  INFO 25684 --- [elm-notification-service] [main] .s.d.r.c.RepositoryConfigurationDelegate : Multiple Spring Data modules found, entering strict repository configuration mode
2025-04-08T19:27:05.073+03:00  INFO 25684 --- [elm-notification-service] [main] .s.d.r.c.RepositoryConfigurationDelegate : Bootstrapping Spring Data Redis repositories in DEFAULT mode.
2025-04-08T19:27:05.095+03:00  INFO 25684 --- [elm-notification-service] [main] .s.d.r.c.RepositoryConfigurationDelegate : Finished Spring Data repository scanning in 9 ms. Found 0 Redis repository interfaces.
2025-04-08T19:27:05.289+03:00  INFO 25684 --- [elm-notification-service] [main] o.s.cloud.context.scope.GenericScope     : BeanFactory id=b91586f1-7c84-3fb9-85e2-838f267d6521
2025-04-08T19:27:05.478+03:00  INFO 25684 --- [elm-notification-service] [main] o.s.b.w.embedded.tomcat.TomcatWebServer  : Tomcat initialized with port 8085 (http)
2025-04-08T19:27:05.487+03:00  INFO 25684 --- [elm-notification-service] [main] o.apache.catalina.core.StandardService   : Starting service [Tomcat]
2025-04-08T19:27:05.488+03:00  INFO 25684 --- [elm-notification-service] [main] o.apache.catalina.core.StandardEngine    : Starting Servlet engine: [Apache Tomcat/10.1.34]
2025-04-08T19:27:05.524+03:00  INFO 25684 --- [elm-notification-service] [main] o.a.c.c.C.[Tomcat].[localhost].[/]       : Initializing Spring embedded WebApplicationContext
2025-04-08T19:27:05.525+03:00  INFO 25684 --- [elm-notification-service] [main] w.s.c.ServletWebServerApplicationContext : Root WebApplicationContext: initialization completed in 902 ms
2025-04-08T19:27:06.270+03:00  INFO 25684 --- [elm-notification-service] [main] DiscoveryClientOptionalArgsConfiguration : Eureka HTTP Client uses RestTemplate.
2025-04-08T19:27:06.296+03:00  WARN 25684 --- [elm-notification-service] [main] iguration$LoadBalancerCaffeineWarnLogger : Spring Cloud LoadBalancer is currently working with the default cache. While this cache implementation is useful for development and tests, it's recommended to use Caffeine cache in production.You can switch to using Caffeine cache, by adding it and org.springframework.cache.caffeine.CaffeineCacheManager to the classpath.
2025-04-08T19:27:06.354+03:00  INFO 25684 --- [elm-notification-service] [main] o.s.c.n.eureka.InstanceInfoFactory       : Setting initial instance status as: STARTING
2025-04-08T19:27:06.370+03:00  INFO 25684 --- [elm-notification-service] [main] com.netflix.discovery.DiscoveryClient    : Initializing Eureka in region us-east-1
2025-04-08T19:27:06.373+03:00  INFO 25684 --- [elm-notification-service] [main] c.n.d.s.r.aws.ConfigClusterResolver      : Resolving eureka endpoints via configuration
2025-04-08T19:27:06.378+03:00  INFO 25684 --- [elm-notification-service] [main] com.netflix.discovery.DiscoveryClient    : Disable delta property : false
2025-04-08T19:27:06.378+03:00  INFO 25684 --- [elm-notification-service] [main] com.netflix.discovery.DiscoveryClient    : Single vip registry refresh property : null
2025-04-08T19:27:06.378+03:00  INFO 25684 --- [elm-notification-service] [main] com.netflix.discovery.DiscoveryClient    : Force full registry fetch : false
2025-04-08T19:27:06.378+03:00  INFO 25684 --- [elm-notification-service] [main] com.netflix.discovery.DiscoveryClient    : Application is null : false
2025-04-08T19:27:06.379+03:00  INFO 25684 --- [elm-notification-service] [main] com.netflix.discovery.DiscoveryClient    : Registered Applications size is zero : true
2025-04-08T19:27:06.379+03:00  INFO 25684 --- [elm-notification-service] [main] com.netflix.discovery.DiscoveryClient    : Application version is -1: true
2025-04-08T19:27:06.379+03:00  INFO 25684 --- [elm-notification-service] [main] com.netflix.discovery.DiscoveryClient    : Getting all instance registry info from the eureka server
2025-04-08T19:27:06.597+03:00  INFO 25684 --- [elm-notification-service] [main] com.netflix.discovery.DiscoveryClient    : The response status is 200
2025-04-08T19:27:06.598+03:00  INFO 25684 --- [elm-notification-service] [main] com.netflix.discovery.DiscoveryClient    : Starting heartbeat executor: renew interval is: 30
2025-04-08T19:27:06.599+03:00  INFO 25684 --- [elm-notification-service] [main] c.n.discovery.InstanceInfoReplicator     : InstanceInfoReplicator onDemand update allowed rate per min is 4
2025-04-08T19:27:06.601+03:00  INFO 25684 --- [elm-notification-service] [main] com.netflix.discovery.DiscoveryClient    : Discovery Client initialized at timestamp 1744129626600 with initial instances count: 4
2025-04-08T19:27:06.603+03:00  INFO 25684 --- [elm-notification-service] [main] o.s.c.n.e.s.EurekaServiceRegistry        : Registering application ELM-NOTIFICATION-SERVICE with eureka with status UP
2025-04-08T19:27:06.603+03:00  INFO 25684 --- [elm-notification-service] [main] com.netflix.discovery.DiscoveryClient    : Saw local status change event StatusChangeEvent [timestamp=1744129626603, current=UP, previous=STARTING]
2025-04-08T19:27:06.604+03:00  INFO 25684 --- [elm-notification-service] [DiscoveryClient-InstanceInfoReplicator-%d] com.netflix.discovery.DiscoveryClient    : DiscoveryClient_ELM-NOTIFICATION-SERVICE/Ruben.mshome.net:elm-notification-service:8085: registering service...
2025-04-08T19:27:06.620+03:00  INFO 25684 --- [elm-notification-service] [main] o.s.b.w.embedded.tomcat.TomcatWebServer  : Tomcat started on port 8085 (http) with context path '/'
2025-04-08T19:27:06.621+03:00  INFO 25684 --- [elm-notification-service] [main] .s.c.n.e.s.EurekaAutoServiceRegistration : Updating port to 8085
2025-04-08T19:27:06.636+03:00  INFO 25684 --- [elm-notification-service] [DiscoveryClient-InstanceInfoReplicator-%d] com.netflix.discovery.DiscoveryClient    : DiscoveryClient_ELM-NOTIFICATION-SERVICE/Ruben.mshome.net:elm-notification-service:8085 - registration status: 204
2025-04-08T19:27:06.650+03:00  INFO 25684 --- [elm-notification-service] [main] o.a.k.clients.consumer.ConsumerConfig    : ConsumerConfig values: 
	allow.auto.create.topics = true
	auto.commit.interval.ms = 5000
	auto.include.jmx.reporter = true
	auto.offset.reset = latest
	bootstrap.servers = [localhost:9092]
	check.crcs = true
	client.dns.lookup = use_all_dns_ips
	client.id = consumer-notification-service-group-1
	client.rack = 
	connections.max.idle.ms = 540000
	default.api.timeout.ms = 60000
	enable.auto.commit = false
	enable.metrics.push = true
	exclude.internal.topics = true
	fetch.max.bytes = 52428800
	fetch.max.wait.ms = 500
	fetch.min.bytes = 1
	group.id = notification-service-group
	group.instance.id = null
	group.protocol = classic
	group.remote.assignor = null
	heartbeat.interval.ms = 3000
	interceptor.classes = []
	internal.leave.group.on.close = true
	internal.throw.on.fetch.stable.offset.unsupported = false
	isolation.level = read_uncommitted
	key.deserializer = class org.apache.kafka.common.serialization.StringDeserializer
	max.partition.fetch.bytes = 1048576
	max.poll.interval.ms = 300000
	max.poll.records = 500
	metadata.max.age.ms = 300000
	metadata.recovery.strategy = none
	metric.reporters = []
	metrics.num.samples = 2
	metrics.recording.level = INFO
	metrics.sample.window.ms = 30000
	partition.assignment.strategy = [class org.apache.kafka.clients.consumer.RangeAssignor, class org.apache.kafka.clients.consumer.CooperativeStickyAssignor]
	receive.buffer.bytes = 65536
	reconnect.backoff.max.ms = 1000
	reconnect.backoff.ms = 50
	request.timeout.ms = 30000
	retry.backoff.max.ms = 1000
	retry.backoff.ms = 100
	sasl.client.callback.handler.class = null
	sasl.jaas.config = null
	sasl.kerberos.kinit.cmd = /usr/bin/kinit
	sasl.kerberos.min.time.before.relogin = 60000
	sasl.kerberos.service.name = null
	sasl.kerberos.ticket.renew.jitter = 0.05
	sasl.kerberos.ticket.renew.window.factor = 0.8
	sasl.login.callback.handler.class = null
	sasl.login.class = null
	sasl.login.connect.timeout.ms = null
	sasl.login.read.timeout.ms = null
	sasl.login.refresh.buffer.seconds = 300
	sasl.login.refresh.min.period.seconds = 60
	sasl.login.refresh.window.factor = 0.8
	sasl.login.refresh.window.jitter = 0.05
	sasl.login.retry.backoff.max.ms = 10000
	sasl.login.retry.backoff.ms = 100
	sasl.mechanism = GSSAPI
	sasl.oauthbearer.clock.skew.seconds = 30
	sasl.oauthbearer.expected.audience = null
	sasl.oauthbearer.expected.issuer = null
	sasl.oauthbearer.jwks.endpoint.refresh.ms = 3600000
	sasl.oauthbearer.jwks.endpoint.retry.backoff.max.ms = 10000
	sasl.oauthbearer.jwks.endpoint.retry.backoff.ms = 100
	sasl.oauthbearer.jwks.endpoint.url = null
	sasl.oauthbearer.scope.claim.name = scope
	sasl.oauthbearer.sub.claim.name = sub
	sasl.oauthbearer.token.endpoint.url = null
	security.protocol = PLAINTEXT
	security.providers = null
	send.buffer.bytes = 131072
	session.timeout.ms = 45000
	socket.connection.setup.timeout.max.ms = 30000
	socket.connection.setup.timeout.ms = 10000
	ssl.cipher.suites = null
	ssl.enabled.protocols = [TLSv1.2, TLSv1.3]
	ssl.endpoint.identification.algorithm = https
	ssl.engine.factory.class = null
	ssl.key.password = null
	ssl.keymanager.algorithm = SunX509
	ssl.keystore.certificate.chain = null
	ssl.keystore.key = null
	ssl.keystore.location = null
	ssl.keystore.password = null
	ssl.keystore.type = JKS
	ssl.protocol = TLSv1.3
	ssl.provider = null
	ssl.secure.random.implementation = null
	ssl.trustmanager.algorithm = PKIX
	ssl.truststore.certificates = null
	ssl.truststore.location = null
	ssl.truststore.password = null
	ssl.truststore.type = JKS
	value.deserializer = class org.springframework.kafka.support.serializer.JsonDeserializer

2025-04-08T19:27:06.685+03:00  INFO 25684 --- [elm-notification-service] [main] o.a.k.c.t.i.KafkaMetricsCollector        : initializing Kafka metrics collector
2025-04-08T19:27:06.738+03:00  INFO 25684 --- [elm-notification-service] [main] o.a.k.clients.consumer.ConsumerConfig    : These configurations '[spring.json.trusted.packages]' were supplied but are not used yet.
2025-04-08T19:27:06.739+03:00  INFO 25684 --- [elm-notification-service] [main] o.a.kafka.common.utils.AppInfoParser     : Kafka version: 3.8.1
2025-04-08T19:27:06.739+03:00  INFO 25684 --- [elm-notification-service] [main] o.a.kafka.common.utils.AppInfoParser     : Kafka commitId: 70d6ff42debf7e17
2025-04-08T19:27:06.739+03:00  INFO 25684 --- [elm-notification-service] [main] o.a.kafka.common.utils.AppInfoParser     : Kafka startTimeMs: 1744129626738
2025-04-08T19:27:06.741+03:00  INFO 25684 --- [elm-notification-service] [main] o.a.k.c.c.internals.LegacyKafkaConsumer  : [Consumer clientId=consumer-notification-service-group-1, groupId=notification-service-group] Subscribed to topic(s): leave-balance-events
2025-04-08T19:27:06.748+03:00  INFO 25684 --- [elm-notification-service] [main] o.a.k.clients.consumer.ConsumerConfig    : ConsumerConfig values: 
	allow.auto.create.topics = true
	auto.commit.interval.ms = 5000
	auto.include.jmx.reporter = true
	auto.offset.reset = latest
	bootstrap.servers = [localhost:9092]
	check.crcs = true
	client.dns.lookup = use_all_dns_ips
	client.id = consumer-notification-service-group-2
	client.rack = 
	connections.max.idle.ms = 540000
	default.api.timeout.ms = 60000
	enable.auto.commit = false
	enable.metrics.push = true
	exclude.internal.topics = true
	fetch.max.bytes = 52428800
	fetch.max.wait.ms = 500
	fetch.min.bytes = 1
	group.id = notification-service-group
	group.instance.id = null
	group.protocol = classic
	group.remote.assignor = null
	heartbeat.interval.ms = 3000
	interceptor.classes = []
	internal.leave.group.on.close = true
	internal.throw.on.fetch.stable.offset.unsupported = false
	isolation.level = read_uncommitted
	key.deserializer = class org.apache.kafka.common.serialization.StringDeserializer
	max.partition.fetch.bytes = 1048576
	max.poll.interval.ms = 300000
	max.poll.records = 500
	metadata.max.age.ms = 300000
	metadata.recovery.strategy = none
	metric.reporters = []
	metrics.num.samples = 2
	metrics.recording.level = INFO
	metrics.sample.window.ms = 30000
	partition.assignment.strategy = [class org.apache.kafka.clients.consumer.RangeAssignor, class org.apache.kafka.clients.consumer.CooperativeStickyAssignor]
	receive.buffer.bytes = 65536
	reconnect.backoff.max.ms = 1000
	reconnect.backoff.ms = 50
	request.timeout.ms = 30000
	retry.backoff.max.ms = 1000
	retry.backoff.ms = 100
	sasl.client.callback.handler.class = null
	sasl.jaas.config = null
	sasl.kerberos.kinit.cmd = /usr/bin/kinit
	sasl.kerberos.min.time.before.relogin = 60000
	sasl.kerberos.service.name = null
	sasl.kerberos.ticket.renew.jitter = 0.05
	sasl.kerberos.ticket.renew.window.factor = 0.8
	sasl.login.callback.handler.class = null
	sasl.login.class = null
	sasl.login.connect.timeout.ms = null
	sasl.login.read.timeout.ms = null
	sasl.login.refresh.buffer.seconds = 300
	sasl.login.refresh.min.period.seconds = 60
	sasl.login.refresh.window.factor = 0.8
	sasl.login.refresh.window.jitter = 0.05
	sasl.login.retry.backoff.max.ms = 10000
	sasl.login.retry.backoff.ms = 100
	sasl.mechanism = GSSAPI
	sasl.oauthbearer.clock.skew.seconds = 30
	sasl.oauthbearer.expected.audience = null
	sasl.oauthbearer.expected.issuer = null
	sasl.oauthbearer.jwks.endpoint.refresh.ms = 3600000
	sasl.oauthbearer.jwks.endpoint.retry.backoff.max.ms = 10000
	sasl.oauthbearer.jwks.endpoint.retry.backoff.ms = 100
	sasl.oauthbearer.jwks.endpoint.url = null
	sasl.oauthbearer.scope.claim.name = scope
	sasl.oauthbearer.sub.claim.name = sub
	sasl.oauthbearer.token.endpoint.url = null
	security.protocol = PLAINTEXT
	security.providers = null
	send.buffer.bytes = 131072
	session.timeout.ms = 45000
	socket.connection.setup.timeout.max.ms = 30000
	socket.connection.setup.timeout.ms = 10000
	ssl.cipher.suites = null
	ssl.enabled.protocols = [TLSv1.2, TLSv1.3]
	ssl.endpoint.identification.algorithm = https
	ssl.engine.factory.class = null
	ssl.key.password = null
	ssl.keymanager.algorithm = SunX509
	ssl.keystore.certificate.chain = null
	ssl.keystore.key = null
	ssl.keystore.location = null
	ssl.keystore.password = null
	ssl.keystore.type = JKS
	ssl.protocol = TLSv1.3
	ssl.provider = null
	ssl.secure.random.implementation = null
	ssl.trustmanager.algorithm = PKIX
	ssl.truststore.certificates = null
	ssl.truststore.location = null
	ssl.truststore.password = null
	ssl.truststore.type = JKS
	value.deserializer = class org.springframework.kafka.support.serializer.JsonDeserializer

2025-04-08T19:27:06.748+03:00  INFO 25684 --- [elm-notification-service] [main] o.a.k.c.t.i.KafkaMetricsCollector        : initializing Kafka metrics collector
2025-04-08T19:27:06.755+03:00  INFO 25684 --- [elm-notification-service] [main] o.a.k.clients.consumer.ConsumerConfig    : These configurations '[spring.json.trusted.packages]' were supplied but are not used yet.
2025-04-08T19:27:06.756+03:00  INFO 25684 --- [elm-notification-service] [main] o.a.kafka.common.utils.AppInfoParser     : Kafka version: 3.8.1
2025-04-08T19:27:06.756+03:00  INFO 25684 --- [elm-notification-service] [main] o.a.kafka.common.utils.AppInfoParser     : Kafka commitId: 70d6ff42debf7e17
2025-04-08T19:27:06.756+03:00  INFO 25684 --- [elm-notification-service] [main] o.a.kafka.common.utils.AppInfoParser     : Kafka startTimeMs: 1744129626756
2025-04-08T19:27:06.756+03:00  INFO 25684 --- [elm-notification-service] [main] o.a.k.c.c.internals.LegacyKafkaConsumer  : [Consumer clientId=consumer-notification-service-group-2, groupId=notification-service-group] Subscribed to topic(s): leave-events
2025-04-08T19:27:06.757+03:00  INFO 25684 --- [elm-notification-service] [main] o.a.k.clients.consumer.ConsumerConfig    : ConsumerConfig values: 
	allow.auto.create.topics = true
	auto.commit.interval.ms = 5000
	auto.include.jmx.reporter = true
	auto.offset.reset = earliest
	bootstrap.servers = [localhost:9092]
	check.crcs = true
	client.dns.lookup = use_all_dns_ips
	client.id = consumer-notification-auth-group-3
	client.rack = 
	connections.max.idle.ms = 540000
	default.api.timeout.ms = 60000
	enable.auto.commit = false
	enable.metrics.push = true
	exclude.internal.topics = true
	fetch.max.bytes = 52428800
	fetch.max.wait.ms = 500
	fetch.min.bytes = 1
	group.id = notification-auth-group
	group.instance.id = null
	group.protocol = classic
	group.remote.assignor = null
	heartbeat.interval.ms = 3000
	interceptor.classes = []
	internal.leave.group.on.close = true
	internal.throw.on.fetch.stable.offset.unsupported = false
	isolation.level = read_uncommitted
	key.deserializer = class org.apache.kafka.common.serialization.StringDeserializer
	max.partition.fetch.bytes = 1048576
	max.poll.interval.ms = 300000
	max.poll.records = 500
	metadata.max.age.ms = 300000
	metadata.recovery.strategy = none
	metric.reporters = []
	metrics.num.samples = 2
	metrics.recording.level = INFO
	metrics.sample.window.ms = 30000
	partition.assignment.strategy = [class org.apache.kafka.clients.consumer.RangeAssignor, class org.apache.kafka.clients.consumer.CooperativeStickyAssignor]
	receive.buffer.bytes = 65536
	reconnect.backoff.max.ms = 1000
	reconnect.backoff.ms = 50
	request.timeout.ms = 30000
	retry.backoff.max.ms = 1000
	retry.backoff.ms = 100
	sasl.client.callback.handler.class = null
	sasl.jaas.config = null
	sasl.kerberos.kinit.cmd = /usr/bin/kinit
	sasl.kerberos.min.time.before.relogin = 60000
	sasl.kerberos.service.name = null
	sasl.kerberos.ticket.renew.jitter = 0.05
	sasl.kerberos.ticket.renew.window.factor = 0.8
	sasl.login.callback.handler.class = null
	sasl.login.class = null
	sasl.login.connect.timeout.ms = null
	sasl.login.read.timeout.ms = null
	sasl.login.refresh.buffer.seconds = 300
	sasl.login.refresh.min.period.seconds = 60
	sasl.login.refresh.window.factor = 0.8
	sasl.login.refresh.window.jitter = 0.05
	sasl.login.retry.backoff.max.ms = 10000
	sasl.login.retry.backoff.ms = 100
	sasl.mechanism = GSSAPI
	sasl.oauthbearer.clock.skew.seconds = 30
	sasl.oauthbearer.expected.audience = null
	sasl.oauthbearer.expected.issuer = null
	sasl.oauthbearer.jwks.endpoint.refresh.ms = 3600000
	sasl.oauthbearer.jwks.endpoint.retry.backoff.max.ms = 10000
	sasl.oauthbearer.jwks.endpoint.retry.backoff.ms = 100
	sasl.oauthbearer.jwks.endpoint.url = null
	sasl.oauthbearer.scope.claim.name = scope
	sasl.oauthbearer.sub.claim.name = sub
	sasl.oauthbearer.token.endpoint.url = null
	security.protocol = PLAINTEXT
	security.providers = null
	send.buffer.bytes = 131072
	session.timeout.ms = 45000
	socket.connection.setup.timeout.max.ms = 30000
	socket.connection.setup.timeout.ms = 10000
	ssl.cipher.suites = null
	ssl.enabled.protocols = [TLSv1.2, TLSv1.3]
	ssl.endpoint.identification.algorithm = https
	ssl.engine.factory.class = null
	ssl.key.password = null
	ssl.keymanager.algorithm = SunX509
	ssl.keystore.certificate.chain = null
	ssl.keystore.key = null
	ssl.keystore.location = null
	ssl.keystore.password = null
	ssl.keystore.type = JKS
	ssl.protocol = TLSv1.3
	ssl.provider = null
	ssl.secure.random.implementation = null
	ssl.trustmanager.algorithm = PKIX
	ssl.truststore.certificates = null
	ssl.truststore.location = null
	ssl.truststore.password = null
	ssl.truststore.type = JKS
	value.deserializer = class org.springframework.kafka.support.serializer.JsonDeserializer

2025-04-08T19:27:06.758+03:00  INFO 25684 --- [elm-notification-service] [main] o.a.k.c.t.i.KafkaMetricsCollector        : initializing Kafka metrics collector
2025-04-08T19:27:06.764+03:00  INFO 25684 --- [elm-notification-service] [main] o.a.kafka.common.utils.AppInfoParser     : Kafka version: 3.8.1
2025-04-08T19:27:06.764+03:00  INFO 25684 --- [elm-notification-service] [main] o.a.kafka.common.utils.AppInfoParser     : Kafka commitId: 70d6ff42debf7e17
2025-04-08T19:27:06.764+03:00  INFO 25684 --- [elm-notification-service] [main] o.a.kafka.common.utils.AppInfoParser     : Kafka startTimeMs: 1744129626764
2025-04-08T19:27:06.765+03:00  INFO 25684 --- [elm-notification-service] [main] o.a.k.c.c.internals.LegacyKafkaConsumer  : [Consumer clientId=consumer-notification-auth-group-3, groupId=notification-auth-group] Subscribed to topic(s): auth-events
2025-04-08T19:27:06.766+03:00  INFO 25684 --- [elm-notification-service] [main] o.a.k.clients.consumer.ConsumerConfig    : ConsumerConfig values: 
	allow.auto.create.topics = true
	auto.commit.interval.ms = 5000
	auto.include.jmx.reporter = true
	auto.offset.reset = earliest
	bootstrap.servers = [localhost:9092]
	check.crcs = true
	client.dns.lookup = use_all_dns_ips
	client.id = consumer-notification-employee-group-4
	client.rack = 
	connections.max.idle.ms = 540000
	default.api.timeout.ms = 60000
	enable.auto.commit = false
	enable.metrics.push = true
	exclude.internal.topics = true
	fetch.max.bytes = 52428800
	fetch.max.wait.ms = 500
	fetch.min.bytes = 1
	group.id = notification-employee-group
	group.instance.id = null
	group.protocol = classic
	group.remote.assignor = null
	heartbeat.interval.ms = 3000
	interceptor.classes = []
	internal.leave.group.on.close = true
	internal.throw.on.fetch.stable.offset.unsupported = false
	isolation.level = read_uncommitted
	key.deserializer = class org.apache.kafka.common.serialization.StringDeserializer
	max.partition.fetch.bytes = 1048576
	max.poll.interval.ms = 300000
	max.poll.records = 500
	metadata.max.age.ms = 300000
	metadata.recovery.strategy = none
	metric.reporters = []
	metrics.num.samples = 2
	metrics.recording.level = INFO
	metrics.sample.window.ms = 30000
	partition.assignment.strategy = [class org.apache.kafka.clients.consumer.RangeAssignor, class org.apache.kafka.clients.consumer.CooperativeStickyAssignor]
	receive.buffer.bytes = 65536
	reconnect.backoff.max.ms = 1000
	reconnect.backoff.ms = 50
	request.timeout.ms = 30000
	retry.backoff.max.ms = 1000
	retry.backoff.ms = 100
	sasl.client.callback.handler.class = null
	sasl.jaas.config = null
	sasl.kerberos.kinit.cmd = /usr/bin/kinit
	sasl.kerberos.min.time.before.relogin = 60000
	sasl.kerberos.service.name = null
	sasl.kerberos.ticket.renew.jitter = 0.05
	sasl.kerberos.ticket.renew.window.factor = 0.8
	sasl.login.callback.handler.class = null
	sasl.login.class = null
	sasl.login.connect.timeout.ms = null
	sasl.login.read.timeout.ms = null
	sasl.login.refresh.buffer.seconds = 300
	sasl.login.refresh.min.period.seconds = 60
	sasl.login.refresh.window.factor = 0.8
	sasl.login.refresh.window.jitter = 0.05
	sasl.login.retry.backoff.max.ms = 10000
	sasl.login.retry.backoff.ms = 100
	sasl.mechanism = GSSAPI
	sasl.oauthbearer.clock.skew.seconds = 30
	sasl.oauthbearer.expected.audience = null
	sasl.oauthbearer.expected.issuer = null
	sasl.oauthbearer.jwks.endpoint.refresh.ms = 3600000
	sasl.oauthbearer.jwks.endpoint.retry.backoff.max.ms = 10000
	sasl.oauthbearer.jwks.endpoint.retry.backoff.ms = 100
	sasl.oauthbearer.jwks.endpoint.url = null
	sasl.oauthbearer.scope.claim.name = scope
	sasl.oauthbearer.sub.claim.name = sub
	sasl.oauthbearer.token.endpoint.url = null
	security.protocol = PLAINTEXT
	security.providers = null
	send.buffer.bytes = 131072
	session.timeout.ms = 45000
	socket.connection.setup.timeout.max.ms = 30000
	socket.connection.setup.timeout.ms = 10000
	ssl.cipher.suites = null
	ssl.enabled.protocols = [TLSv1.2, TLSv1.3]
	ssl.endpoint.identification.algorithm = https
	ssl.engine.factory.class = null
	ssl.key.password = null
	ssl.keymanager.algorithm = SunX509
	ssl.keystore.certificate.chain = null
	ssl.keystore.key = null
	ssl.keystore.location = null
	ssl.keystore.password = null
	ssl.keystore.type = JKS
	ssl.protocol = TLSv1.3
	ssl.provider = null
	ssl.secure.random.implementation = null
	ssl.trustmanager.algorithm = PKIX
	ssl.truststore.certificates = null
	ssl.truststore.location = null
	ssl.truststore.password = null
	ssl.truststore.type = JKS
	value.deserializer = class org.springframework.kafka.support.serializer.JsonDeserializer

2025-04-08T19:27:06.766+03:00  INFO 25684 --- [elm-notification-service] [main] o.a.k.c.t.i.KafkaMetricsCollector        : initializing Kafka metrics collector
2025-04-08T19:27:06.770+03:00  INFO 25684 --- [elm-notification-service] [main] o.a.kafka.common.utils.AppInfoParser     : Kafka version: 3.8.1
2025-04-08T19:27:06.770+03:00  INFO 25684 --- [elm-notification-service] [main] o.a.kafka.common.utils.AppInfoParser     : Kafka commitId: 70d6ff42debf7e17
2025-04-08T19:27:06.770+03:00  INFO 25684 --- [elm-notification-service] [main] o.a.kafka.common.utils.AppInfoParser     : Kafka startTimeMs: 1744129626770
2025-04-08T19:27:06.770+03:00  INFO 25684 --- [elm-notification-service] [main] o.a.k.c.c.internals.LegacyKafkaConsumer  : [Consumer clientId=consumer-notification-employee-group-4, groupId=notification-employee-group] Subscribed to topic(s): employee-events
2025-04-08T19:27:06.777+03:00  INFO 25684 --- [elm-notification-service] [main] c.e.ElmNotificationServiceApplication    : Started ElmNotificationServiceApplication in 2.476 seconds (process running for 2.959)
2025-04-08T19:27:06.954+03:00  INFO 25684 --- [elm-notification-service] [org.springframework.kafka.KafkaListenerEndpointContainer#3-0-C-1] org.apache.kafka.clients.Metadata        : [Consumer clientId=consumer-notification-service-group-2, groupId=notification-service-group] Cluster ID: test-cluster-123
2025-04-08T19:27:06.954+03:00  INFO 25684 --- [elm-notification-service] [org.springframework.kafka.KafkaListenerEndpointContainer#2-0-C-1] org.apache.kafka.clients.Metadata        : [Consumer clientId=consumer-notification-service-group-1, groupId=notification-service-group] Cluster ID: test-cluster-123
2025-04-08T19:27:06.954+03:00  INFO 25684 --- [elm-notification-service] [org.springframework.kafka.KafkaListenerEndpointContainer#0-0-C-1] org.apache.kafka.clients.Metadata        : [Consumer clientId=consumer-notification-auth-group-3, groupId=notification-auth-group] Cluster ID: test-cluster-123
2025-04-08T19:27:06.954+03:00  INFO 25684 --- [elm-notification-service] [org.springframework.kafka.KafkaListenerEndpointContainer#1-0-C-1] org.apache.kafka.clients.Metadata        : [Consumer clientId=consumer-notification-employee-group-4, groupId=notification-employee-group] Cluster ID: test-cluster-123
2025-04-08T19:27:06.955+03:00  INFO 25684 --- [elm-notification-service] [org.springframework.kafka.KafkaListenerEndpointContainer#3-0-C-1] o.a.k.c.c.internals.ConsumerCoordinator  : [Consumer clientId=consumer-notification-service-group-2, groupId=notification-service-group] Discovered group coordinator localhost:9092 (id: 2147483646 rack: null)
2025-04-08T19:27:06.955+03:00  INFO 25684 --- [elm-notification-service] [org.springframework.kafka.KafkaListenerEndpointContainer#0-0-C-1] o.a.k.c.c.internals.ConsumerCoordinator  : [Consumer clientId=consumer-notification-auth-group-3, groupId=notification-auth-group] Discovered group coordinator localhost:9092 (id: 2147483646 rack: null)
2025-04-08T19:27:06.955+03:00  INFO 25684 --- [elm-notification-service] [org.springframework.kafka.KafkaListenerEndpointContainer#2-0-C-1] o.a.k.c.c.internals.ConsumerCoordinator  : [Consumer clientId=consumer-notification-service-group-1, groupId=notification-service-group] Discovered group coordinator localhost:9092 (id: 2147483646 rack: null)
2025-04-08T19:27:06.955+03:00  INFO 25684 --- [elm-notification-service] [org.springframework.kafka.KafkaListenerEndpointContainer#1-0-C-1] o.a.k.c.c.internals.ConsumerCoordinator  : [Consumer clientId=consumer-notification-employee-group-4, groupId=notification-employee-group] Discovered group coordinator localhost:9092 (id: 2147483646 rack: null)
2025-04-08T19:27:06.957+03:00  INFO 25684 --- [elm-notification-service] [org.springframework.kafka.KafkaListenerEndpointContainer#0-0-C-1] o.a.k.c.c.internals.ConsumerCoordinator  : [Consumer clientId=consumer-notification-auth-group-3, groupId=notification-auth-group] (Re-)joining group
2025-04-08T19:27:06.957+03:00  INFO 25684 --- [elm-notification-service] [org.springframework.kafka.KafkaListenerEndpointContainer#3-0-C-1] o.a.k.c.c.internals.ConsumerCoordinator  : [Consumer clientId=consumer-notification-service-group-2, groupId=notification-service-group] (Re-)joining group
2025-04-08T19:27:06.957+03:00  INFO 25684 --- [elm-notification-service] [org.springframework.kafka.KafkaListenerEndpointContainer#2-0-C-1] o.a.k.c.c.internals.ConsumerCoordinator  : [Consumer clientId=consumer-notification-service-group-1, groupId=notification-service-group] (Re-)joining group
2025-04-08T19:27:06.957+03:00  INFO 25684 --- [elm-notification-service] [org.springframework.kafka.KafkaListenerEndpointContainer#1-0-C-1] o.a.k.c.c.internals.ConsumerCoordinator  : [Consumer clientId=consumer-notification-employee-group-4, groupId=notification-employee-group] (Re-)joining group
2025-04-08T19:27:06.967+03:00  INFO 25684 --- [elm-notification-service] [org.springframework.kafka.KafkaListenerEndpointContainer#0-0-C-1] o.a.k.c.c.internals.ConsumerCoordinator  : [Consumer clientId=consumer-notification-auth-group-3, groupId=notification-auth-group] Request joining group due to: need to re-join with the given member-id: consumer-notification-auth-group-3-06c4bf12-7bdf-441a-b1a0-4cc1ce3c642f
2025-04-08T19:27:06.967+03:00  INFO 25684 --- [elm-notification-service] [org.springframework.kafka.KafkaListenerEndpointContainer#2-0-C-1] o.a.k.c.c.internals.ConsumerCoordinator  : [Consumer clientId=consumer-notification-service-group-1, groupId=notification-service-group] Request joining group due to: need to re-join with the given member-id: consumer-notification-service-group-1-c2b871d3-bfba-4738-9f99-f4a1ae9353d3
2025-04-08T19:27:06.967+03:00  INFO 25684 --- [elm-notification-service] [org.springframework.kafka.KafkaListenerEndpointContainer#1-0-C-1] o.a.k.c.c.internals.ConsumerCoordinator  : [Consumer clientId=consumer-notification-employee-group-4, groupId=notification-employee-group] Request joining group due to: need to re-join with the given member-id: consumer-notification-employee-group-4-b134eeff-b687-40dc-b630-66d7e21d905d
2025-04-08T19:27:06.968+03:00  INFO 25684 --- [elm-notification-service] [org.springframework.kafka.KafkaListenerEndpointContainer#0-0-C-1] o.a.k.c.c.internals.ConsumerCoordinator  : [Consumer clientId=consumer-notification-auth-group-3, groupId=notification-auth-group] (Re-)joining group
2025-04-08T19:27:06.968+03:00  INFO 25684 --- [elm-notification-service] [org.springframework.kafka.KafkaListenerEndpointContainer#1-0-C-1] o.a.k.c.c.internals.ConsumerCoordinator  : [Consumer clientId=consumer-notification-employee-group-4, groupId=notification-employee-group] (Re-)joining group
2025-04-08T19:27:06.968+03:00  INFO 25684 --- [elm-notification-service] [org.springframework.kafka.KafkaListenerEndpointContainer#2-0-C-1] o.a.k.c.c.internals.ConsumerCoordinator  : [Consumer clientId=consumer-notification-service-group-1, groupId=notification-service-group] (Re-)joining group
2025-04-08T19:27:06.968+03:00  INFO 25684 --- [elm-notification-service] [org.springframework.kafka.KafkaListenerEndpointContainer#3-0-C-1] o.a.k.c.c.internals.ConsumerCoordinator  : [Consumer clientId=consumer-notification-service-group-2, groupId=notification-service-group] Request joining group due to: need to re-join with the given member-id: consumer-notification-service-group-2-cc593eef-61fe-479b-84cb-4f08af35d9da
2025-04-08T19:27:06.968+03:00  INFO 25684 --- [elm-notification-service] [org.springframework.kafka.KafkaListenerEndpointContainer#3-0-C-1] o.a.k.c.c.internals.ConsumerCoordinator  : [Consumer clientId=consumer-notification-service-group-2, groupId=notification-service-group] (Re-)joining group
2025-04-08T19:27:09.979+03:00  INFO 25684 --- [elm-notification-service] [org.springframework.kafka.KafkaListenerEndpointContainer#0-0-C-1] o.a.k.c.c.internals.ConsumerCoordinator  : [Consumer clientId=consumer-notification-auth-group-3, groupId=notification-auth-group] Successfully joined group with generation Generation{generationId=21, memberId='consumer-notification-auth-group-3-06c4bf12-7bdf-441a-b1a0-4cc1ce3c642f', protocol='range'}
2025-04-08T19:27:09.979+03:00  INFO 25684 --- [elm-notification-service] [org.springframework.kafka.KafkaListenerEndpointContainer#1-0-C-1] o.a.k.c.c.internals.ConsumerCoordinator  : [Consumer clientId=consumer-notification-employee-group-4, groupId=notification-employee-group] Successfully joined group with generation Generation{generationId=21, memberId='consumer-notification-employee-group-4-b134eeff-b687-40dc-b630-66d7e21d905d', protocol='range'}
2025-04-08T19:27:09.983+03:00  INFO 25684 --- [elm-notification-service] [org.springframework.kafka.KafkaListenerEndpointContainer#0-0-C-1] o.a.k.c.c.internals.ConsumerCoordinator  : [Consumer clientId=consumer-notification-auth-group-3, groupId=notification-auth-group] Finished assignment for group at generation 21: {consumer-notification-auth-group-3-06c4bf12-7bdf-441a-b1a0-4cc1ce3c642f=Assignment(partitions=[auth-events-0])}
2025-04-08T19:27:09.983+03:00  INFO 25684 --- [elm-notification-service] [org.springframework.kafka.KafkaListenerEndpointContainer#1-0-C-1] o.a.k.c.c.internals.ConsumerCoordinator  : [Consumer clientId=consumer-notification-employee-group-4, groupId=notification-employee-group] Finished assignment for group at generation 21: {consumer-notification-employee-group-4-b134eeff-b687-40dc-b630-66d7e21d905d=Assignment(partitions=[employee-events-0])}
2025-04-08T19:27:09.995+03:00  INFO 25684 --- [elm-notification-service] [org.springframework.kafka.KafkaListenerEndpointContainer#1-0-C-1] o.a.k.c.c.internals.ConsumerCoordinator  : [Consumer clientId=consumer-notification-employee-group-4, groupId=notification-employee-group] Successfully synced group in generation Generation{generationId=21, memberId='consumer-notification-employee-group-4-b134eeff-b687-40dc-b630-66d7e21d905d', protocol='range'}
2025-04-08T19:27:09.995+03:00  INFO 25684 --- [elm-notification-service] [org.springframework.kafka.KafkaListenerEndpointContainer#0-0-C-1] o.a.k.c.c.internals.ConsumerCoordinator  : [Consumer clientId=consumer-notification-auth-group-3, groupId=notification-auth-group] Successfully synced group in generation Generation{generationId=21, memberId='consumer-notification-auth-group-3-06c4bf12-7bdf-441a-b1a0-4cc1ce3c642f', protocol='range'}
2025-04-08T19:27:09.996+03:00  INFO 25684 --- [elm-notification-service] [org.springframework.kafka.KafkaListenerEndpointContainer#1-0-C-1] o.a.k.c.c.internals.ConsumerCoordinator  : [Consumer clientId=consumer-notification-employee-group-4, groupId=notification-employee-group] Notifying assignor about the new Assignment(partitions=[employee-events-0])
2025-04-08T19:27:09.996+03:00  INFO 25684 --- [elm-notification-service] [org.springframework.kafka.KafkaListenerEndpointContainer#0-0-C-1] o.a.k.c.c.internals.ConsumerCoordinator  : [Consumer clientId=consumer-notification-auth-group-3, groupId=notification-auth-group] Notifying assignor about the new Assignment(partitions=[auth-events-0])
2025-04-08T19:27:09.998+03:00  INFO 25684 --- [elm-notification-service] [org.springframework.kafka.KafkaListenerEndpointContainer#1-0-C-1] k.c.c.i.ConsumerRebalanceListenerInvoker : [Consumer clientId=consumer-notification-employee-group-4, groupId=notification-employee-group] Adding newly assigned partitions: employee-events-0
2025-04-08T19:27:09.998+03:00  INFO 25684 --- [elm-notification-service] [org.springframework.kafka.KafkaListenerEndpointContainer#0-0-C-1] k.c.c.i.ConsumerRebalanceListenerInvoker : [Consumer clientId=consumer-notification-auth-group-3, groupId=notification-auth-group] Adding newly assigned partitions: auth-events-0
2025-04-08T19:27:10.007+03:00  INFO 25684 --- [elm-notification-service] [org.springframework.kafka.KafkaListenerEndpointContainer#0-0-C-1] o.a.k.c.c.internals.ConsumerUtils        : Setting offset for partition auth-events-0 to the committed offset FetchPosition{offset=6, offsetEpoch=Optional.empty, currentLeader=LeaderAndEpoch{leader=Optional[localhost:9092 (id: 1 rack: null)], epoch=0}}
2025-04-08T19:27:10.007+03:00  INFO 25684 --- [elm-notification-service] [org.springframework.kafka.KafkaListenerEndpointContainer#1-0-C-1] o.a.k.c.c.internals.ConsumerUtils        : Setting offset for partition employee-events-0 to the committed offset FetchPosition{offset=6, offsetEpoch=Optional.empty, currentLeader=LeaderAndEpoch{leader=Optional[localhost:9092 (id: 1 rack: null)], epoch=0}}
2025-04-08T19:27:10.008+03:00  INFO 25684 --- [elm-notification-service] [org.springframework.kafka.KafkaListenerEndpointContainer#1-0-C-1] o.s.k.l.KafkaMessageListenerContainer    : notification-employee-group: partitions assigned: [employee-events-0]
2025-04-08T19:27:10.008+03:00  INFO 25684 --- [elm-notification-service] [org.springframework.kafka.KafkaListenerEndpointContainer#0-0-C-1] o.s.k.l.KafkaMessageListenerContainer    : notification-auth-group: partitions assigned: [auth-events-0]
2025-04-08T19:27:12.982+03:00  INFO 25684 --- [elm-notification-service] [org.springframework.kafka.KafkaListenerEndpointContainer#3-0-C-1] o.a.k.c.c.internals.ConsumerCoordinator  : [Consumer clientId=consumer-notification-service-group-2, groupId=notification-service-group] Successfully joined group with generation Generation{generationId=21, memberId='consumer-notification-service-group-2-cc593eef-61fe-479b-84cb-4f08af35d9da', protocol='range'}
2025-04-08T19:27:12.982+03:00  INFO 25684 --- [elm-notification-service] [org.springframework.kafka.KafkaListenerEndpointContainer#2-0-C-1] o.a.k.c.c.internals.ConsumerCoordinator  : [Consumer clientId=consumer-notification-service-group-1, groupId=notification-service-group] Successfully joined group with generation Generation{generationId=21, memberId='consumer-notification-service-group-1-c2b871d3-bfba-4738-9f99-f4a1ae9353d3', protocol='range'}
2025-04-08T19:27:12.996+03:00  INFO 25684 --- [elm-notification-service] [org.springframework.kafka.KafkaListenerEndpointContainer#2-0-C-1] o.a.k.c.c.internals.ConsumerCoordinator  : [Consumer clientId=consumer-notification-service-group-1, groupId=notification-service-group] Finished assignment for group at generation 21: {consumer-notification-service-group-1-c2b871d3-bfba-4738-9f99-f4a1ae9353d3=Assignment(partitions=[leave-balance-events-0]), consumer-notification-service-group-2-cc593eef-61fe-479b-84cb-4f08af35d9da=Assignment(partitions=[leave-events-0])}
2025-04-08T19:27:13.012+03:00  INFO 25684 --- [elm-notification-service] [org.springframework.kafka.KafkaListenerEndpointContainer#3-0-C-1] o.a.k.c.c.internals.ConsumerCoordinator  : [Consumer clientId=consumer-notification-service-group-2, groupId=notification-service-group] Successfully synced group in generation Generation{generationId=21, memberId='consumer-notification-service-group-2-cc593eef-61fe-479b-84cb-4f08af35d9da', protocol='range'}
2025-04-08T19:27:13.012+03:00  INFO 25684 --- [elm-notification-service] [org.springframework.kafka.KafkaListenerEndpointContainer#2-0-C-1] o.a.k.c.c.internals.ConsumerCoordinator  : [Consumer clientId=consumer-notification-service-group-1, groupId=notification-service-group] Successfully synced group in generation Generation{generationId=21, memberId='consumer-notification-service-group-1-c2b871d3-bfba-4738-9f99-f4a1ae9353d3', protocol='range'}
2025-04-08T19:27:13.012+03:00  INFO 25684 --- [elm-notification-service] [org.springframework.kafka.KafkaListenerEndpointContainer#3-0-C-1] o.a.k.c.c.internals.ConsumerCoordinator  : [Consumer clientId=consumer-notification-service-group-2, groupId=notification-service-group] Notifying assignor about the new Assignment(partitions=[leave-events-0])
2025-04-08T19:27:13.012+03:00  INFO 25684 --- [elm-notification-service] [org.springframework.kafka.KafkaListenerEndpointContainer#2-0-C-1] o.a.k.c.c.internals.ConsumerCoordinator  : [Consumer clientId=consumer-notification-service-group-1, groupId=notification-service-group] Notifying assignor about the new Assignment(partitions=[leave-balance-events-0])
2025-04-08T19:27:13.012+03:00  INFO 25684 --- [elm-notification-service] [org.springframework.kafka.KafkaListenerEndpointContainer#3-0-C-1] k.c.c.i.ConsumerRebalanceListenerInvoker : [Consumer clientId=consumer-notification-service-group-2, groupId=notification-service-group] Adding newly assigned partitions: leave-events-0
2025-04-08T19:27:13.012+03:00  INFO 25684 --- [elm-notification-service] [org.springframework.kafka.KafkaListenerEndpointContainer#2-0-C-1] k.c.c.i.ConsumerRebalanceListenerInvoker : [Consumer clientId=consumer-notification-service-group-1, groupId=notification-service-group] Adding newly assigned partitions: leave-balance-events-0
2025-04-08T19:27:13.015+03:00  INFO 25684 --- [elm-notification-service] [org.springframework.kafka.KafkaListenerEndpointContainer#2-0-C-1] o.a.k.c.c.internals.ConsumerUtils        : Setting offset for partition leave-balance-events-0 to the committed offset FetchPosition{offset=1, offsetEpoch=Optional.empty, currentLeader=LeaderAndEpoch{leader=Optional[localhost:9092 (id: 1 rack: null)], epoch=0}}
2025-04-08T19:27:13.015+03:00  INFO 25684 --- [elm-notification-service] [org.springframework.kafka.KafkaListenerEndpointContainer#3-0-C-1] o.a.k.c.c.internals.ConsumerUtils        : Setting offset for partition leave-events-0 to the committed offset FetchPosition{offset=0, offsetEpoch=Optional.empty, currentLeader=LeaderAndEpoch{leader=Optional[localhost:9092 (id: 1 rack: null)], epoch=0}}
2025-04-08T19:27:13.015+03:00  INFO 25684 --- [elm-notification-service] [org.springframework.kafka.KafkaListenerEndpointContainer#3-0-C-1] o.s.k.l.KafkaMessageListenerContainer    : notification-service-group: partitions assigned: [leave-events-0]
2025-04-08T19:27:13.015+03:00  INFO 25684 --- [elm-notification-service] [org.springframework.kafka.KafkaListenerEndpointContainer#2-0-C-1] o.s.k.l.KafkaMessageListenerContainer    : notification-service-group: partitions assigned: [leave-balance-events-0]
2025-04-08T19:28:33.597+03:00  INFO 25684 --- [elm-notification-service] [org.springframework.kafka.KafkaListenerEndpointContainer#1-0-C-1] c.e.n.kafka.EmployeeEventListener        : Received EmployeeEvent: EmployeeEvent(eventType=EMPLOYEE_CREATED, employee=EmployeeDTO(id=37, firstName=Eve, lastName=White, email=eve.white@company.com, department=Support), timestamp=2025-04-08T16:28:33.527395900Z)
2025-04-08T19:28:33.598+03:00  INFO 25684 --- [elm-notification-service] [org.springframework.kafka.KafkaListenerEndpointContainer#1-0-C-1] .e.n.s.RedisNotificationCorrelationStore : RRR handleEmployeeCreated: EmployeeDTO(id=37, firstName=Eve, lastName=White, email=eve.white@company.com, department=Support)
2025-04-08T19:28:33.776+03:00  INFO 25684 --- [elm-notification-service] [org.springframework.kafka.KafkaListenerEndpointContainer#0-0-C-1] c.e.n.kafka.AuthEventListener            : 📥 Received AuthEvent: AuthEvent(eventType=AUTH_USER_CREATED, user=AuthUserDTO(id=null, username=eve.white, email=eve.white@company.com, password=defaultPassword123, role=USER))
2025-04-08T19:28:34.022+03:00  INFO 25684 --- [elm-notification-service] [org.springframework.kafka.KafkaListenerEndpointContainer#2-0-C-1] c.e.n.kafka.LeaveBalanceEventListener    : 📥 LeaveBalanceEvent received: LeaveBalanceEvent(eventType=LEAVE_BALANCE_INITIALIZED, email=eve.white@company.com, timestamp=2025-04-08T16:28:33.935359100Z)
2025-04-08T19:28:34.024+03:00  INFO 25684 --- [elm-notification-service] [org.springframework.kafka.KafkaListenerEndpointContainer#2-0-C-1] c.e.n.kafka.LeaveBalanceEventListener    : 📥HERE  LeaveBalanceEvent received: LeaveBalanceEvent(eventType=LEAVE_BALANCE_INITIALIZED, email=eve.white@company.com, timestamp=2025-04-08T16:28:33.935359100Z)
2025-04-08T19:28:34.069+03:00  INFO 25684 --- [elm-notification-service] [org.springframework.kafka.KafkaListenerEndpointContainer#2-0-C-1] .e.n.s.RedisNotificationCorrelationStore : RRR handleLeaveBalanceInitialized: eve.white@company.com
2025-04-08T19:28:34.075+03:00  INFO 25684 --- [elm-notification-service] [org.springframework.kafka.KafkaListenerEndpointContainer#0-0-C-1] .e.n.s.RedisNotificationCorrelationStore : RRR handleAuthCreated: AuthUserDTO(id=null, username=eve.white, email=eve.white@company.com, password=defaultPassword123, role=USER)
2025-04-08T19:28:34.078+03:00  INFO 25684 --- [elm-notification-service] [org.springframework.kafka.KafkaListenerEndpointContainer#0-0-C-1] .e.n.s.RedisNotificationCorrelationStore : 📬 [Redis] All onboarding events received for: eve.white@company.com
2025-04-08T19:28:34.078+03:00  INFO 25684 --- [elm-notification-service] [org.springframework.kafka.KafkaListenerEndpointContainer#0-0-C-1] c.e.n.service.NotificationService        : 📧 [WELCOME EMAIL]
2025-04-08T19:28:34.078+03:00  INFO 25684 --- [elm-notification-service] [org.springframework.kafka.KafkaListenerEndpointContainer#0-0-C-1] c.e.n.service.NotificationService        : To: eve.white@company.com
2025-04-08T19:28:34.079+03:00  INFO 25684 --- [elm-notification-service] [org.springframework.kafka.KafkaListenerEndpointContainer#0-0-C-1] c.e.n.service.NotificationService        : Hi Eve, welcome to the team!
2025-04-08T19:28:34.079+03:00  INFO 25684 --- [elm-notification-service] [org.springframework.kafka.KafkaListenerEndpointContainer#0-0-C-1] c.e.n.service.NotificationService        : Your department: Support
2025-04-08T19:28:36.825+03:00  INFO 25684 --- [elm-notification-service] [org.springframework.kafka.KafkaListenerEndpointContainer#0-0-C-1] c.e.n.service.NotificationService        : 📧 [CREDENTIALS EMAIL]
2025-04-08T19:28:36.825+03:00  INFO 25684 --- [elm-notification-service] [org.springframework.kafka.KafkaListenerEndpointContainer#0-0-C-1] c.e.n.service.NotificationService        : To: eve.white@company.com
2025-04-08T19:28:36.825+03:00  INFO 25684 --- [elm-notification-service] [org.springframework.kafka.KafkaListenerEndpointContainer#0-0-C-1] c.e.n.service.NotificationService        : Your login username: eve.white
2025-04-08T19:28:36.826+03:00  INFO 25684 --- [elm-notification-service] [org.springframework.kafka.KafkaListenerEndpointContainer#0-0-C-1] c.e.n.service.NotificationService        : Temporary password: defaultPassword123
2025-04-08T19:28:53.487+03:00  INFO 25684 --- [elm-notification-service] [RMI TCP Connection(7)-127.0.0.1] inMXBeanRegistrar$SpringApplicationAdmin : Application shutdown requested.
2025-04-08T19:28:53.488+03:00  INFO 25684 --- [elm-notification-service] [RMI TCP Connection(7)-127.0.0.1] o.s.c.n.e.s.EurekaServiceRegistry        : Unregistering application ELM-NOTIFICATION-SERVICE with eureka with status DOWN
2025-04-08T19:28:53.488+03:00  INFO 25684 --- [elm-notification-service] [RMI TCP Connection(7)-127.0.0.1] com.netflix.discovery.DiscoveryClient    : Saw local status change event StatusChangeEvent [timestamp=1744129733488, current=DOWN, previous=UP]
2025-04-08T19:28:53.489+03:00  INFO 25684 --- [elm-notification-service] [DiscoveryClient-InstanceInfoReplicator-%d] com.netflix.discovery.DiscoveryClient    : DiscoveryClient_ELM-NOTIFICATION-SERVICE/Ruben.mshome.net:elm-notification-service:8085: registering service...
2025-04-08T19:28:53.492+03:00  INFO 25684 --- [elm-notification-service] [org.springframework.kafka.KafkaListenerEndpointContainer#0-0-C-1] k.c.c.i.ConsumerRebalanceListenerInvoker : [Consumer clientId=consumer-notification-auth-group-3, groupId=notification-auth-group] Revoke previously assigned partitions auth-events-0
2025-04-08T19:28:53.492+03:00  INFO 25684 --- [elm-notification-service] [org.springframework.kafka.KafkaListenerEndpointContainer#1-0-C-1] k.c.c.i.ConsumerRebalanceListenerInvoker : [Consumer clientId=consumer-notification-employee-group-4, groupId=notification-employee-group] Revoke previously assigned partitions employee-events-0
2025-04-08T19:28:53.492+03:00  INFO 25684 --- [elm-notification-service] [org.springframework.kafka.KafkaListenerEndpointContainer#2-0-C-1] k.c.c.i.ConsumerRebalanceListenerInvoker : [Consumer clientId=consumer-notification-service-group-1, groupId=notification-service-group] Revoke previously assigned partitions leave-balance-events-0
2025-04-08T19:28:53.493+03:00  INFO 25684 --- [elm-notification-service] [org.springframework.kafka.KafkaListenerEndpointContainer#3-0-C-1] k.c.c.i.ConsumerRebalanceListenerInvoker : [Consumer clientId=consumer-notification-service-group-2, groupId=notification-service-group] Revoke previously assigned partitions leave-events-0
2025-04-08T19:28:53.493+03:00  INFO 25684 --- [elm-notification-service] [org.springframework.kafka.KafkaListenerEndpointContainer#0-0-C-1] o.s.k.l.KafkaMessageListenerContainer    : notification-auth-group: partitions revoked: [auth-events-0]
2025-04-08T19:28:53.493+03:00  INFO 25684 --- [elm-notification-service] [org.springframework.kafka.KafkaListenerEndpointContainer#3-0-C-1] o.s.k.l.KafkaMessageListenerContainer    : notification-service-group: partitions revoked: [leave-events-0]
2025-04-08T19:28:53.493+03:00  INFO 25684 --- [elm-notification-service] [org.springframework.kafka.KafkaListenerEndpointContainer#1-0-C-1] o.s.k.l.KafkaMessageListenerContainer    : notification-employee-group: partitions revoked: [employee-events-0]
2025-04-08T19:28:53.493+03:00  INFO 25684 --- [elm-notification-service] [org.springframework.kafka.KafkaListenerEndpointContainer#2-0-C-1] o.s.k.l.KafkaMessageListenerContainer    : notification-service-group: partitions revoked: [leave-balance-events-0]
2025-04-08T19:28:53.494+03:00  INFO 25684 --- [elm-notification-service] [org.springframework.kafka.KafkaListenerEndpointContainer#1-0-C-1] o.a.k.c.c.internals.ConsumerCoordinator  : [Consumer clientId=consumer-notification-employee-group-4, groupId=notification-employee-group] Member consumer-notification-employee-group-4-b134eeff-b687-40dc-b630-66d7e21d905d sending LeaveGroup request to coordinator localhost:9092 (id: 2147483646 rack: null) due to the consumer unsubscribed from all topics
2025-04-08T19:28:53.494+03:00  INFO 25684 --- [elm-notification-service] [org.springframework.kafka.KafkaListenerEndpointContainer#3-0-C-1] o.a.k.c.c.internals.ConsumerCoordinator  : [Consumer clientId=consumer-notification-service-group-2, groupId=notification-service-group] Member consumer-notification-service-group-2-cc593eef-61fe-479b-84cb-4f08af35d9da sending LeaveGroup request to coordinator localhost:9092 (id: 2147483646 rack: null) due to the consumer unsubscribed from all topics
2025-04-08T19:28:53.494+03:00  INFO 25684 --- [elm-notification-service] [org.springframework.kafka.KafkaListenerEndpointContainer#0-0-C-1] o.a.k.c.c.internals.ConsumerCoordinator  : [Consumer clientId=consumer-notification-auth-group-3, groupId=notification-auth-group] Member consumer-notification-auth-group-3-06c4bf12-7bdf-441a-b1a0-4cc1ce3c642f sending LeaveGroup request to coordinator localhost:9092 (id: 2147483646 rack: null) due to the consumer unsubscribed from all topics
2025-04-08T19:28:53.494+03:00  INFO 25684 --- [elm-notification-service] [org.springframework.kafka.KafkaListenerEndpointContainer#2-0-C-1] o.a.k.c.c.internals.ConsumerCoordinator  : [Consumer clientId=consumer-notification-service-group-1, groupId=notification-service-group] Member consumer-notification-service-group-1-c2b871d3-bfba-4738-9f99-f4a1ae9353d3 sending LeaveGroup request to coordinator localhost:9092 (id: 2147483646 rack: null) due to the consumer unsubscribed from all topics
2025-04-08T19:28:53.494+03:00  INFO 25684 --- [elm-notification-service] [org.springframework.kafka.KafkaListenerEndpointContainer#1-0-C-1] o.a.k.c.c.internals.ConsumerCoordinator  : [Consumer clientId=consumer-notification-employee-group-4, groupId=notification-employee-group] Resetting generation and member id due to: consumer pro-actively leaving the group
2025-04-08T19:28:53.494+03:00  INFO 25684 --- [elm-notification-service] [org.springframework.kafka.KafkaListenerEndpointContainer#3-0-C-1] o.a.k.c.c.internals.ConsumerCoordinator  : [Consumer clientId=consumer-notification-service-group-2, groupId=notification-service-group] Resetting generation and member id due to: consumer pro-actively leaving the group
2025-04-08T19:28:53.494+03:00  INFO 25684 --- [elm-notification-service] [org.springframework.kafka.KafkaListenerEndpointContainer#2-0-C-1] o.a.k.c.c.internals.ConsumerCoordinator  : [Consumer clientId=consumer-notification-service-group-1, groupId=notification-service-group] Resetting generation and member id due to: consumer pro-actively leaving the group
2025-04-08T19:28:53.494+03:00  INFO 25684 --- [elm-notification-service] [org.springframework.kafka.KafkaListenerEndpointContainer#0-0-C-1] o.a.k.c.c.internals.ConsumerCoordinator  : [Consumer clientId=consumer-notification-auth-group-3, groupId=notification-auth-group] Resetting generation and member id due to: consumer pro-actively leaving the group
2025-04-08T19:28:53.494+03:00  INFO 25684 --- [elm-notification-service] [org.springframework.kafka.KafkaListenerEndpointContainer#3-0-C-1] o.a.k.c.c.internals.ConsumerCoordinator  : [Consumer clientId=consumer-notification-service-group-2, groupId=notification-service-group] Request joining group due to: consumer pro-actively leaving the group
2025-04-08T19:28:53.494+03:00  INFO 25684 --- [elm-notification-service] [org.springframework.kafka.KafkaListenerEndpointContainer#1-0-C-1] o.a.k.c.c.internals.ConsumerCoordinator  : [Consumer clientId=consumer-notification-employee-group-4, groupId=notification-employee-group] Request joining group due to: consumer pro-actively leaving the group
2025-04-08T19:28:53.494+03:00  INFO 25684 --- [elm-notification-service] [org.springframework.kafka.KafkaListenerEndpointContainer#2-0-C-1] o.a.k.c.c.internals.ConsumerCoordinator  : [Consumer clientId=consumer-notification-service-group-1, groupId=notification-service-group] Request joining group due to: consumer pro-actively leaving the group
2025-04-08T19:28:53.494+03:00  INFO 25684 --- [elm-notification-service] [org.springframework.kafka.KafkaListenerEndpointContainer#0-0-C-1] o.a.k.c.c.internals.ConsumerCoordinator  : [Consumer clientId=consumer-notification-auth-group-3, groupId=notification-auth-group] Request joining group due to: consumer pro-actively leaving the group
2025-04-08T19:28:53.494+03:00  INFO 25684 --- [elm-notification-service] [org.springframework.kafka.KafkaListenerEndpointContainer#1-0-C-1] o.a.k.c.c.internals.LegacyKafkaConsumer  : [Consumer clientId=consumer-notification-employee-group-4, groupId=notification-employee-group] Unsubscribed all topics or patterns and assigned partitions
2025-04-08T19:28:53.494+03:00  INFO 25684 --- [elm-notification-service] [org.springframework.kafka.KafkaListenerEndpointContainer#3-0-C-1] o.a.k.c.c.internals.LegacyKafkaConsumer  : [Consumer clientId=consumer-notification-service-group-2, groupId=notification-service-group] Unsubscribed all topics or patterns and assigned partitions
2025-04-08T19:28:53.494+03:00  INFO 25684 --- [elm-notification-service] [org.springframework.kafka.KafkaListenerEndpointContainer#0-0-C-1] o.a.k.c.c.internals.LegacyKafkaConsumer  : [Consumer clientId=consumer-notification-auth-group-3, groupId=notification-auth-group] Unsubscribed all topics or patterns and assigned partitions
2025-04-08T19:28:53.494+03:00  INFO 25684 --- [elm-notification-service] [org.springframework.kafka.KafkaListenerEndpointContainer#2-0-C-1] o.a.k.c.c.internals.LegacyKafkaConsumer  : [Consumer clientId=consumer-notification-service-group-1, groupId=notification-service-group] Unsubscribed all topics or patterns and assigned partitions
2025-04-08T19:28:53.498+03:00  INFO 25684 --- [elm-notification-service] [DiscoveryClient-InstanceInfoReplicator-%d] com.netflix.discovery.DiscoveryClient    : DiscoveryClient_ELM-NOTIFICATION-SERVICE/Ruben.mshome.net:elm-notification-service:8085 - registration status: 204
2025-04-08T19:28:53.499+03:00  INFO 25684 --- [elm-notification-service] [org.springframework.kafka.KafkaListenerEndpointContainer#2-0-C-1] o.a.k.c.c.internals.ConsumerCoordinator  : [Consumer clientId=consumer-notification-service-group-1, groupId=notification-service-group] Resetting generation and member id due to: consumer pro-actively leaving the group
2025-04-08T19:28:53.499+03:00  INFO 25684 --- [elm-notification-service] [org.springframework.kafka.KafkaListenerEndpointContainer#0-0-C-1] o.a.k.c.c.internals.ConsumerCoordinator  : [Consumer clientId=consumer-notification-auth-group-3, groupId=notification-auth-group] Resetting generation and member id due to: consumer pro-actively leaving the group
2025-04-08T19:28:53.499+03:00  INFO 25684 --- [elm-notification-service] [org.springframework.kafka.KafkaListenerEndpointContainer#2-0-C-1] o.a.k.c.c.internals.ConsumerCoordinator  : [Consumer clientId=consumer-notification-service-group-1, groupId=notification-service-group] Request joining group due to: consumer pro-actively leaving the group
2025-04-08T19:28:53.499+03:00  INFO 25684 --- [elm-notification-service] [org.springframework.kafka.KafkaListenerEndpointContainer#3-0-C-1] o.a.k.c.c.internals.ConsumerCoordinator  : [Consumer clientId=consumer-notification-service-group-2, groupId=notification-service-group] Resetting generation and member id due to: consumer pro-actively leaving the group
2025-04-08T19:28:53.499+03:00  INFO 25684 --- [elm-notification-service] [org.springframework.kafka.KafkaListenerEndpointContainer#0-0-C-1] o.a.k.c.c.internals.ConsumerCoordinator  : [Consumer clientId=consumer-notification-auth-group-3, groupId=notification-auth-group] Request joining group due to: consumer pro-actively leaving the group
2025-04-08T19:28:53.499+03:00  INFO 25684 --- [elm-notification-service] [org.springframework.kafka.KafkaListenerEndpointContainer#1-0-C-1] o.a.k.c.c.internals.ConsumerCoordinator  : [Consumer clientId=consumer-notification-employee-group-4, groupId=notification-employee-group] Resetting generation and member id due to: consumer pro-actively leaving the group
2025-04-08T19:28:53.499+03:00  INFO 25684 --- [elm-notification-service] [org.springframework.kafka.KafkaListenerEndpointContainer#3-0-C-1] o.a.k.c.c.internals.ConsumerCoordinator  : [Consumer clientId=consumer-notification-service-group-2, groupId=notification-service-group] Request joining group due to: consumer pro-actively leaving the group
2025-04-08T19:28:53.499+03:00  INFO 25684 --- [elm-notification-service] [org.springframework.kafka.KafkaListenerEndpointContainer#1-0-C-1] o.a.k.c.c.internals.ConsumerCoordinator  : [Consumer clientId=consumer-notification-employee-group-4, groupId=notification-employee-group] Request joining group due to: consumer pro-actively leaving the group
2025-04-08T19:28:53.601+03:00  INFO 25684 --- [elm-notification-service] [org.springframework.kafka.KafkaListenerEndpointContainer#1-0-C-1] o.apache.kafka.common.metrics.Metrics    : Metrics scheduler closed
2025-04-08T19:28:53.601+03:00  INFO 25684 --- [elm-notification-service] [org.springframework.kafka.KafkaListenerEndpointContainer#1-0-C-1] o.apache.kafka.common.metrics.Metrics    : Closing reporter org.apache.kafka.common.metrics.JmxReporter
2025-04-08T19:28:53.601+03:00  INFO 25684 --- [elm-notification-service] [org.springframework.kafka.KafkaListenerEndpointContainer#1-0-C-1] o.apache.kafka.common.metrics.Metrics    : Closing reporter org.apache.kafka.common.telemetry.internals.ClientTelemetryReporter
2025-04-08T19:28:53.601+03:00  INFO 25684 --- [elm-notification-service] [org.springframework.kafka.KafkaListenerEndpointContainer#1-0-C-1] o.apache.kafka.common.metrics.Metrics    : Metrics reporters closed
2025-04-08T19:28:53.608+03:00  INFO 25684 --- [elm-notification-service] [org.springframework.kafka.KafkaListenerEndpointContainer#1-0-C-1] o.a.kafka.common.utils.AppInfoParser     : App info kafka.consumer for consumer-notification-employee-group-4 unregistered
2025-04-08T19:28:53.609+03:00  INFO 25684 --- [elm-notification-service] [org.springframework.kafka.KafkaListenerEndpointContainer#1-0-C-1] o.s.k.l.KafkaMessageListenerContainer    : notification-employee-group: Consumer stopped
2025-04-08T19:28:53.647+03:00  INFO 25684 --- [elm-notification-service] [org.springframework.kafka.KafkaListenerEndpointContainer#3-0-C-1] o.apache.kafka.common.metrics.Metrics    : Metrics scheduler closed
2025-04-08T19:28:53.647+03:00  INFO 25684 --- [elm-notification-service] [org.springframework.kafka.KafkaListenerEndpointContainer#3-0-C-1] o.apache.kafka.common.metrics.Metrics    : Closing reporter org.apache.kafka.common.metrics.JmxReporter
2025-04-08T19:28:53.647+03:00  INFO 25684 --- [elm-notification-service] [org.springframework.kafka.KafkaListenerEndpointContainer#3-0-C-1] o.apache.kafka.common.metrics.Metrics    : Closing reporter org.apache.kafka.common.telemetry.internals.ClientTelemetryReporter
2025-04-08T19:28:53.647+03:00  INFO 25684 --- [elm-notification-service] [org.springframework.kafka.KafkaListenerEndpointContainer#3-0-C-1] o.apache.kafka.common.metrics.Metrics    : Metrics reporters closed
2025-04-08T19:28:53.650+03:00  INFO 25684 --- [elm-notification-service] [org.springframework.kafka.KafkaListenerEndpointContainer#3-0-C-1] o.a.kafka.common.utils.AppInfoParser     : App info kafka.consumer for consumer-notification-service-group-2 unregistered
2025-04-08T19:28:53.650+03:00  INFO 25684 --- [elm-notification-service] [org.springframework.kafka.KafkaListenerEndpointContainer#3-0-C-1] o.s.k.l.KafkaMessageListenerContainer    : notification-service-group: Consumer stopped
2025-04-08T19:28:53.941+03:00  INFO 25684 --- [elm-notification-service] [org.springframework.kafka.KafkaListenerEndpointContainer#2-0-C-1] o.apache.kafka.common.metrics.Metrics    : Metrics scheduler closed
2025-04-08T19:28:53.941+03:00  INFO 25684 --- [elm-notification-service] [org.springframework.kafka.KafkaListenerEndpointContainer#2-0-C-1] o.apache.kafka.common.metrics.Metrics    : Closing reporter org.apache.kafka.common.metrics.JmxReporter
2025-04-08T19:28:53.941+03:00  INFO 25684 --- [elm-notification-service] [org.springframework.kafka.KafkaListenerEndpointContainer#2-0-C-1] o.apache.kafka.common.metrics.Metrics    : Closing reporter org.apache.kafka.common.telemetry.internals.ClientTelemetryReporter
2025-04-08T19:28:53.941+03:00  INFO 25684 --- [elm-notification-service] [org.springframework.kafka.KafkaListenerEndpointContainer#2-0-C-1] o.apache.kafka.common.metrics.Metrics    : Metrics reporters closed
2025-04-08T19:28:53.942+03:00  INFO 25684 --- [elm-notification-service] [org.springframework.kafka.KafkaListenerEndpointContainer#0-0-C-1] o.apache.kafka.common.metrics.Metrics    : Metrics scheduler closed
2025-04-08T19:28:53.942+03:00  INFO 25684 --- [elm-notification-service] [org.springframework.kafka.KafkaListenerEndpointContainer#0-0-C-1] o.apache.kafka.common.metrics.Metrics    : Closing reporter org.apache.kafka.common.metrics.JmxReporter
2025-04-08T19:28:53.942+03:00  INFO 25684 --- [elm-notification-service] [org.springframework.kafka.KafkaListenerEndpointContainer#0-0-C-1] o.apache.kafka.common.metrics.Metrics    : Closing reporter org.apache.kafka.common.telemetry.internals.ClientTelemetryReporter
2025-04-08T19:28:53.943+03:00  INFO 25684 --- [elm-notification-service] [org.springframework.kafka.KafkaListenerEndpointContainer#0-0-C-1] o.apache.kafka.common.metrics.Metrics    : Metrics reporters closed
2025-04-08T19:28:53.947+03:00  INFO 25684 --- [elm-notification-service] [org.springframework.kafka.KafkaListenerEndpointContainer#2-0-C-1] o.a.kafka.common.utils.AppInfoParser     : App info kafka.consumer for consumer-notification-service-group-1 unregistered
2025-04-08T19:28:53.947+03:00  INFO 25684 --- [elm-notification-service] [org.springframework.kafka.KafkaListenerEndpointContainer#2-0-C-1] o.s.k.l.KafkaMessageListenerContainer    : notification-service-group: Consumer stopped
2025-04-08T19:28:53.947+03:00  INFO 25684 --- [elm-notification-service] [org.springframework.kafka.KafkaListenerEndpointContainer#0-0-C-1] o.a.kafka.common.utils.AppInfoParser     : App info kafka.consumer for consumer-notification-auth-group-3 unregistered
2025-04-08T19:28:53.947+03:00  INFO 25684 --- [elm-notification-service] [org.springframework.kafka.KafkaListenerEndpointContainer#0-0-C-1] o.s.k.l.KafkaMessageListenerContainer    : notification-auth-group: Consumer stopped
2025-04-08T19:28:53.949+03:00  INFO 25684 --- [elm-notification-service] [RMI TCP Connection(7)-127.0.0.1] o.s.b.w.e.tomcat.GracefulShutdown        : Commencing graceful shutdown. Waiting for active requests to complete
2025-04-08T19:28:53.960+03:00  INFO 25684 --- [elm-notification-service] [tomcat-shutdown] o.s.b.w.e.tomcat.GracefulShutdown        : Graceful shutdown complete
2025-04-08T19:28:54.090+03:00  INFO 25684 --- [elm-notification-service] [RMI TCP Connection(7)-127.0.0.1] com.netflix.discovery.DiscoveryClient    : Shutting down DiscoveryClient ...
2025-04-08T19:28:57.092+03:00  INFO 25684 --- [elm-notification-service] [RMI TCP Connection(7)-127.0.0.1] com.netflix.discovery.DiscoveryClient    : Unregistering ...
2025-04-08T19:28:57.105+03:00  INFO 25684 --- [elm-notification-service] [RMI TCP Connection(7)-127.0.0.1] com.netflix.discovery.DiscoveryClient    : DiscoveryClient_ELM-NOTIFICATION-SERVICE/Ruben.mshome.net:elm-notification-service:8085 - deregister  status: 200
2025-04-08T19:28:57.106+03:00  INFO 25684 --- [elm-notification-service] [RMI TCP Connection(7)-127.0.0.1] com.netflix.discovery.DiscoveryClient    : Completed shut down of DiscoveryClient
