2025-03-25T19:07:29.757+02:00 DEBUG 51084 --- [elm-auth-service] [DiscoveryClient-CacheRefreshExecutor-%d] org.apache.hc.client5.http.wire          : http-outgoing-39 << "Content-Type: application/json[\r][\n]"
2025-03-25T19:07:29.775+02:00 DEBUG 51084 --- [elm-auth-service] [DiscoveryClient-CacheRefreshExecutor-%d] org.apache.hc.client5.http.wire          : http-outgoing-39 << "Content-Length: 87[\r][\n]"
2025-03-25T19:07:29.775+02:00 DEBUG 51084 --- [elm-auth-service] [DiscoveryClient-CacheRefreshExecutor-%d] org.apache.hc.client5.http.wire          : http-outgoing-39 << "Date: Tue, 25 Mar 2025 17:07:29 GMT[\r][\n]"
2025-03-25T19:07:29.776+02:00 DEBUG 51084 --- [elm-auth-service] [DiscoveryClient-CacheRefreshExecutor-%d] org.apache.hc.client5.http.wire          : http-outgoing-39 << "Keep-Alive: timeout=60[\r][\n]"
2025-03-25T19:07:29.776+02:00 DEBUG 51084 --- [elm-auth-service] [DiscoveryClient-CacheRefreshExecutor-%d] org.apache.hc.client5.http.wire          : http-outgoing-39 << "Connection: keep-alive[\r][\n]"
2025-03-25T19:07:29.776+02:00 DEBUG 51084 --- [elm-auth-service] [DiscoveryClient-CacheRefreshExecutor-%d] org.apache.hc.client5.http.wire          : http-outgoing-39 << "[\r][\n]"
2025-03-25T19:07:29.776+02:00 DEBUG 51084 --- [elm-auth-service] [DiscoveryClient-CacheRefreshExecutor-%d] org.apache.hc.client5.http.wire          : http-outgoing-39 << "[0x1f][0xffffff8b][0x8][0x0][0x0][0x0][0x0][0x0][0x0][0xffffffff][0xffffffab]VJ,([0xffffffc8][0xffffffc9]LN,[0xffffffc9][0xffffffcc][0xffffffcf]+V[0xffffffb2][0xffffffaa]V*K-*[0x6][0xffffffb1][0xffffffe3][0xffffffe3]SRsJ[0x12][0xffffff95][0xffffffac][0xffffff94][0xffffffcc][0xffffffcc]M[0xffffff95]t@[0xffffffea][0xffffff80]b[0x19][0xffffff89][0xffffffc5][0x19][0xffffffc9][0xfffffff9])[0xffffffa9]@[0xffffffe1][0xffffffd0][0xffffff80]x[0xffffffa3]x[0xffffff88][0x4][0xffffffcc][0x0]%[0xffffffab][0xffffffe8][0xffffffd8][0xffffffda]Z[0x0]d[0xffffff8b][0xffffff95][0xffffff8b]T[0x0][0x0][0x0]"
2025-03-25T19:07:29.776+02:00 DEBUG 51084 --- [elm-auth-service] [DiscoveryClient-CacheRefreshExecutor-%d] org.apache.hc.client5.http.headers       : http-outgoing-39 << HTTP/1.1 200 
2025-03-25T19:07:29.776+02:00 DEBUG 51084 --- [elm-auth-service] [DiscoveryClient-CacheRefreshExecutor-%d] org.apache.hc.client5.http.headers       : http-outgoing-39 << Content-Encoding: gzip
2025-03-25T19:07:29.776+02:00 DEBUG 51084 --- [elm-auth-service] [DiscoveryClient-CacheRefreshExecutor-%d] org.apache.hc.client5.http.headers       : http-outgoing-39 << Content-Type: application/json
2025-03-25T19:07:29.776+02:00 DEBUG 51084 --- [elm-auth-service] [DiscoveryClient-CacheRefreshExecutor-%d] org.apache.hc.client5.http.headers       : http-outgoing-39 << Content-Length: 87
2025-03-25T19:07:29.776+02:00 DEBUG 51084 --- [elm-auth-service] [DiscoveryClient-CacheRefreshExecutor-%d] org.apache.hc.client5.http.headers       : http-outgoing-39 << Date: Tue, 25 Mar 2025 17:07:29 GMT
2025-03-25T19:07:29.776+02:00 DEBUG 51084 --- [elm-auth-service] [DiscoveryClient-CacheRefreshExecutor-%d] org.apache.hc.client5.http.headers       : http-outgoing-39 << Keep-Alive: timeout=60
2025-03-25T19:07:29.776+02:00 DEBUG 51084 --- [elm-auth-service] [DiscoveryClient-CacheRefreshExecutor-%d] org.apache.hc.client5.http.headers       : http-outgoing-39 << Connection: keep-alive
2025-03-25T19:07:29.776+02:00 DEBUG 51084 --- [elm-auth-service] [DiscoveryClient-CacheRefreshExecutor-%d] o.a.h.c.h.impl.classic.MainClientExec    : ex-0000002778 connection can be kept alive for 60 SECONDS
2025-03-25T19:07:29.776+02:00 DEBUG 51084 --- [elm-auth-service] [DiscoveryClient-CacheRefreshExecutor-%d] o.s.web.client.RestTemplate              : Response 200 OK
2025-03-25T19:07:29.776+02:00 DEBUG 51084 --- [elm-auth-service] [DiscoveryClient-CacheRefreshExecutor-%d] o.s.web.client.RestTemplate              : Reading to [org.springframework.cloud.netflix.eureka.http.EurekaApplications]
2025-03-25T19:07:29.776+02:00 DEBUG 51084 --- [elm-auth-service] [DiscoveryClient-CacheRefreshExecutor-%d] o.a.h.c.h.i.classic.InternalHttpClient   : ep-0000002778 releasing valid endpoint
2025-03-25T19:07:29.776+02:00 DEBUG 51084 --- [elm-auth-service] [DiscoveryClient-CacheRefreshExecutor-%d] h.i.i.PoolingHttpClientConnectionManager : ep-0000002778 releasing endpoint
2025-03-25T19:07:29.776+02:00 DEBUG 51084 --- [elm-auth-service] [DiscoveryClient-CacheRefreshExecutor-%d] h.i.i.PoolingHttpClientConnectionManager : ep-0000002778 connection http-outgoing-39 can be kept alive for 60 SECONDS
2025-03-25T19:07:29.776+02:00 DEBUG 51084 --- [elm-auth-service] [DiscoveryClient-CacheRefreshExecutor-%d] h.i.i.PoolingHttpClientConnectionManager : ep-0000002778 connection released [route: {}->[http://localhost:8761]][total available: 1; route allocated: 1 of 5; total allocated: 1 of 25]
2025-03-25T19:07:29.777+02:00 DEBUG 51084 --- [elm-auth-service] [DiscoveryClient-CacheRefreshExecutor-%d] com.netflix.discovery.DiscoveryClient    : Got delta update with apps hashcode UP_2_
2025-03-25T19:07:29.777+02:00 DEBUG 51084 --- [elm-auth-service] [DiscoveryClient-CacheRefreshExecutor-%d] com.netflix.discovery.DiscoveryClient    : The total number of instances fetched by the delta processor : 0
